you play white; enter moves like e2e4, or e7e8q to promote
8 ♜ ♞ ♝ ♛ ♚ ♝ ♞ ♜
7 ♟ ♟ ♟ ♟ ♟ ♟ ♟ ♟
6 ． ． ． ． ． ． ． ．
5 ． ． ． ． ． ． ． ．
4 ． ． ． ． ． ． ． ．
3 ． ． ． ． ． ． ． ．
2 ♙ ♙ ♙ ♙ ♙ ♙ ♙ ♙
1 ♖ ♘ ♗ ♕ ♔ ♗ ♘ ♖
  ａ ｂ ｃ ｄ ｅ ｆ ｇ ｈ
> e2e4
the computer plays g8f6
8 ♜ ♞ ♝ ♛ ♚ ♝ ． ♜
7 ♟ ♟ ♟ ♟ ♟ ♟ ♟ ♟
6 ． ． ． ． ． ♞ ． ．
5 ． ． ． ． ． ． ． ．
4 ． ． ． ． ♙ ． ． ．
3 ． ． ． ． ． ． ． ．
2 ♙ ♙ ♙ ♙ ． ♙ ♙ ♙
1 ♖ ♘ ♗ ♕ ♔ ♗ ♘ ♖
  ａ ｂ ｃ ｄ ｅ ｆ ｇ ｈ
> g1f3
the computer plays f6e4
8 ♜ ♞ ♝ ♛ ♚ ♝ ． ♜
7 ♟ ♟ ♟ ♟ ♟ ♟ ♟ ♟
6 ． ． ． ． ． ． ． ．
5 ． ． ． ． ． ． ． ．
4 ． ． ． ． ♞ ． ． ．
3 ． ． ． ． ． ♘ ． ．
2 ♙ ♙ ♙ ♙ ． ♙ ♙ ♙
1 ♖ ♘ ♗ ♕ ♔ ♗ ． ♖
  ａ ｂ ｃ ｄ ｅ ｆ ｇ ｈ
> e1g1
that is not a legal move
> d2d4
the computer plays b8c6
8 ♜ ． ♝ ♛ ♚ ♝ ． ♜
7 ♟ ♟ ♟ ♟ ♟ ♟ ♟ ♟
6 ． ． ♞ ． ． ． ． ．
5 ． ． ． ． ． ． ． ．
4 ． ． ． ♙ ♞ ． ． ．
3 ． ． ． ． ． ♘ ． ．
2 ♙ ♙ ♙ ． ． ♙ ♙ ♙
1 ♖ ♘ ♗ ♕ ♔ ♗ ． ♖
  ａ ｂ ｃ ｄ ｅ ｆ ｇ ｈ
> f1c4
the computer plays e4d6
8 ♜ ． ♝ ♛ ♚ ♝ ． ♜
7 ♟ ♟ ♟ ♟ ♟ ♟ ♟ ♟
6 ． ． ♞ ♞ ． ． ． ．
5 ． ． ． ． ． ． ． ．
4 ． ． ♗ ♙ ． ． ． ．
3 ． ． ． ． ． ♘ ． ．
2 ♙ ♙ ♙ ． ． ♙ ♙ ♙
1 ♖ ♘ ♗ ♕ ♔ ． ． ♖
  ａ ｂ ｃ ｄ ｅ ｆ ｇ ｈ
> c4b3
the computer plays e7e6
8 ♜ ． ♝ ♛ ♚ ♝ ． ♜
7 ♟ ♟ ♟ ♟ ． ♟ ♟ ♟
6 ． ． ♞ ♞ ♟ ． ． ．
5 ． ． ． ． ． ． ． ．
4 ． ． ． ♙ ． ． ． ．
3 ． ♗ ． ． ． ♘ ． ．
2 ♙ ♙ ♙ ． ． ♙ ♙ ♙
1 ♖ ♘ ♗ ♕ ♔ ． ． ♖
  ａ ｂ ｃ ｄ ｅ ｆ ｇ ｈ
> e1g1
the computer plays d8f6
8 ♜ ． ♝ ． ♚ ♝ ． ♜
7 ♟ ♟ ♟ ♟ ． ♟ ♟ ♟
6 ． ． ♞ ♞ ♟ ♛ ． ．
5 ． ． ． ． ． ． ． ．
4 ． ． ． ♙ ． ． ． ．
3 ． ♗ ． ． ． ♘ ． ．
2 ♙ ♙ ♙ ． ． ♙ ♙ ♙
1 ♖ ♘ ♗ ♕ ． ♖ ♔ ．
  ａ ｂ ｃ ｄ ｅ ｆ ｇ ｈ
no more input: the game is adjourned
