days: Sunday, Monday, Tuesday, Wednesday, Thursday, Friday, Saturday
  first, fourth, fifth: Sunday, Wednesday, Thursday
  last, fourth to last, fifth to last: Saturday, Wednesday, Tuesday
colours: Red, Orange, Yellow, Green, Blue, Purple
  first, fourth, fifth: Red, Green, Blue
  last, fourth to last, fifth to last: Purple, Yellow, Orange
